15:22:46;sensor;-35.4
02:32:12;VALVE;22.7
07:41:02;sensor;-20.3
   
18:53:52;VALVE;88.7
12:25:25;VALVE;
21:34:27;RADIO;
10:40:14;sensor;58.1
06:44:38;sensor;113.0
03:10:41;Pump_1;-14.1
07:10:57;Pump_1;-39.9
15:35:03;Pump_1;37.5
15:11:00;POWER;88.4
15:34:53;Pump_1;--5
08:10:20;sensor;
19:01:04;sensor;--5
14:06:04;POWER;62.1
19:52:38;POWER;116.8
06:20:23;Pump_1;78.0
12:22:03;POWER;93.9
22:43:44;VALVE;62.9
10:00:20;SENSOR;80.1
   
17:51:30;VALVE;41.2

20:59:33;POWER;79.4
03:56:35;Pump_1;-30.9
02:35:49;Pump_1;-33.7
08:24:23;sensor;52.4
03:00:36;SENSOR;-15,8
14:39:48;Pump_1;-17.8
08:34:40;SENSOR;97.1
01:45:30;SENSOR;-8.7
00:52:14;SENSOR;-22.8
06:56:24;;34.2
04:01:09;POWER;54.5
00:16:13;POWER;6.9
07:51:25;VALVE;33.9
19:18:32;VALVE;113.7
07:32:40;Pump_1;7,4
12:00:47;VALVE;nan
12:25:41;sensor;31.3;2
08:02:00;SENSOR;-37.1

09:10:27;VALVE;-39.8
07:51:40;Pump_1;82.7
06:52:52;;45.4
14:11:14;Pump_1;nan
14:18:48;Pump_1;47.7
04:16:56;sensor;-18.0
15:30:53;VALVE;44.9
00:19:19;Pump_1;60.7
13:48:17;sensor;96.7
01:46:44;SENSOR;9.5;87
08:18:41;VALVE;108.6
17:07:16;SENSOR;27.0
6:9:5;SENSOR;91.3
   
03:00:30;SENSOR;101.3
3:1:9;SENSOR;-30.1
04:02:13;;120.0
14:25:47;Pump_1;111.5
02:16:39;SENSOR;-26.5
4:9:1;SENSOR;-21,1
17:09;sensor;104.7
16:28:11;Pump_1;-36.3
14:28:15;VALVE;85.3
04:06:47;SENSOR;14.8
   
00:49:51;VALVE;-16.0
13:50:40;POWER;13.2
14:37:59;RADIO;
12:51:16;sensor;114.7

09:20:21;POWER;27.8
22:45:40;Pump_1;-15.0
   
04:35:12;Pump_1;-0.9
15:37:31;Pump_1;nan
16:16:19;sensor;62.3
12:56:31;SENSOR;-14.0
06:44:14;sensor;39.7
16:38:32;sensor;
20:34;SENSOR;25.3
20:58:44;Pump_1;117.1
11:42:40;POWER;92.9
   
11:10:39;;-21.3
07:47:41;POWER;116.1
23:41:28;SENSOR;-11.9
06:30:41;SENSOR;1e3
20:08;sensor;30.7
18:14:08;sensor;13.4
16:01:13;SENSOR;112.2
06:08:56;SENSOR;38.7
20:16:33;POWER;61.8
8:1:5;RADIO;-32.3
8:5:3;sensor;113.9
00:48:33;SENSOR;7.7
08:34:26;;93.5
08:14:50;Pump_1;56.2
21:57:20;VALVE;77.3
08:19:00;sensor;75.5
6:0:6;sensor;83.7
19:15;sensor;66.4
12:50:45;SENSOR;80.0
15:58:41;SENSOR;15.0
09:42:19;Pump_1;26.9
   
16:40:50;VALVE;98.1
27:57:56;SENSOR;-23.3
04:16:32;Pump_1;114.3
08:14:42;SENSOR;27.9
06:49:18;;-19.3
18:58:02;POWER;63.3
20:12:25;sensor;76.5
03:04:19;SENSOR;43.9
00:24:54;VALVE;29.9
00:10:00;Pump_1;112.0
16:22:10;VALVE;-2.2
02:17:03;sensor;87.9
09:37:15;Pump_1;28.1
02:30:58;Pump_1;69.4
08:52:05;SENSOR;-17.0
16:30:15;POWER;109.5
15:39:11;VALVE;103.4
07:31:10;Pump_1;46.3
18:20:33;sensor;-15.1
17:29:28;sensor;72.5
13:54:58;POWER;68.2
07:21:12;POWER;93.2
05:45:27;POWER;119.1
05:51:30;Pump_1;24.1
00:04:26;SENSOR;106.5
12:41:15;sensor;8.1
06:19:05;VALVE;109.8
06:51:15;sensor;90.9
21:57:45;VALVE;85.4;97
04:40:16;Pump_1;--5
15:11:36;POWER;-5.1
12:03:05;sensor;92.5
01:56:18;;-2.7
09:46:09;Pump_1;26.6

08:03:11;SENSOR
08:40:44;sensor;-24.3
07:28:58;Pump_1;
07:17:45;;20.2
14:22:50;POWER;-15.6;68
16:00:10;SENSOR;1.7
00:54:04;POWER;119.4
16:22:06;POWER;95.5
02:36:39;Pump_1;108.4
02:53:05;Pump_1
22:03:17;sensor;61.7
17:36:13;SENSOR;74.3
01:00:36;SENSOR;16.8
16:21:26;sensor;78.7
12:56:40;POWER;-2.6
01:08:31;sensor;-3.6
01:44:21;Pump_1;74.9
04:22:18;POWER;-14.1
11:15:41;sensor;8.3
05:24:22;VALVE;-20.3
20:55:05;SENSOR;71.4
04:18:46;Pump_1;59.0

   
02:25:24;sensor;119.8
   
04:18:39;POWER;60.1
06:22:20;Pump_1;-25.2
18:40:12;RADIO;--5
05:40:50;VALVE;--5
08:30:53;SENSOR;70.7
05:25:10;POWER;61.9
07:43:11;VALVE;62.6
3:0:7;POWER;-15.8
14:30:30;SENSOR;9.9
16:14:41;VALVE;89.4
05:53:20;SENSOR;34.9
3:0:8;RADIO;23.5
25:40:40;RADIO;-1.5
04:38:52;sensor;61.1
23:58:20;POWER
06:19:16;;28.5
16:23:58;sensor;-13.3
04:35:35;sensor;-19.0
01:58:59;Pump_1;48.0
15:10:08;sensor;
08:45;SENSOR;47.9
22:13:33;Pump_1;-27.4
00:12:31;SENSOR;101.6
7:4:8;SENSOR;70.7
09:19:16;;78.2
07:34:34;sensor;84.6
09:17:36;sensor;2.8
10:28:10;;-22.6
13:56:07;;49.8
23:59:32;SENSOR;103.7
06:59:04;VALVE;
22:41:40;SENSOR
09:45:24;Pump_1
06:45:00;SENSOR;104.3
20:41:12;VALVE;-27.6
   
19:09:59;SENSOR;23.0
20:18:30;SENSOR;-24,0
20:20:49;POWER;-38.3
01:45:48;;18.9
04:50:19;Pump_1
23:20:10;VALVE;34.1
21:06:52;POWER;
05:40:23;SENSOR;61.8
12:26:47;Pump_1;43.9
   
   

06:31:12;SENSOR;9.9
22:23:14;SENSOR;39.7
22:04:36;RADIO;1e3
09:28:32;POWER;67.5
09:15:50;RADIO;
16:30:54;VALVE;6.0
06:30:39;sensor;117.6
00:40:05;;88.3
19:41:37;;31.0
6:1:3;SENSOR;67.4
02:41:18;SENSOR
06:00:51;Pump_1;6.7
19:08:02;sensor;44.3
21:50:46;POWER;108.9
16:23:09;SENSOR;70.4
14:14:11;SENSOR;58.5
20:41:26;VALVE;90.1
13:46:44;VALVE;1e3
23:41:26;VALVE;95.4
23:34:54;POWER;83.8
03:15:13;Pump_1;-7.5
3:6:9;SENSOR;101.6
11:53:32;Pump_1;
02:03:48;VALVE;40.6
   
07:05:36;;8,0
14:23:27;sensor;27.0
11:05:14;sensor;-23.7
18:16:06;sensor;-4.1
14:01:39;Pump_1;97.4
22:30:32;POWER;-37.4
14:15:28;Pump_1;82.2
12:50:16;Pump_1;106.2
21:18:40;SENSOR;109.7
11:40:03;VALVE;0.4
19:40:05;Pump_1;65.5
7:5:7;POWER;
18:05:09;SENSOR;79.6
23:51:14;sensor;-8.0
04:34:58;Pump_1;42.4
19:29:35;Pump_1;95.8
16:12:17;POWER;8.2
15:07:07;SENSOR;95.8
00:27:33;Pump_1;83.7
20:23:06;SENSOR
29:03:29;Pump_1;50.6
17:52:43;RADIO;--5
23:59:08;SENSOR;
12:32:48;POWER;109.2
01:16:34;SENSOR;-5.1
20:25:03;Pump_1;

08:39:32;VALVE;-2.0
12:25:58;;99.4
00:50:17;sensor;35.6
17:57:12;;94.4
11:49:52;Pump_1;9.4
19:15:20;POWER;97.8
17:43:15;SENSOR;38,3
06:28:15;sensor;-10.3
03:35:03;VALVE;--5
16:53:22;POWER;61.3
23:44:19;sensor;1e3
20:38:45;SENSOR;59.2
23:06:10;sensor;114.0
25:01:26;sensor;94.3
04:46:09;VALVE;116.0
06:20:04;sensor;
12:10:50;sensor;85.6
19:48:44;VALVE;80.5
13:26:01;;98.3
23:07:05;sensor;109.1
13:03:45;VALVE
14:10:07;POWER;
26:30:49;Pump_1;74.9
01:31:17;sensor;51.9
07:26:37;sensor;
19:16:49;Pump_1;84.4
1:0:9;SENSOR;-30.7
14:14:16;POWER;81.7
   
21:11:30;Pump_1;-39.6
